19:03:29 **** Incremental Build of configuration Debug for project led ****
make -j12 all 
arm-none-eabi-gcc "../Core/Src/main.c" -mcpu=cortex-m3 -std=gnu11 -g3 -DDEBUG -DUSE_HAL_DRIVER -DSTM32F103xB -c -I../Core/Inc -I../Drivers/STM32F1xx_HAL_Driver/Inc -I../Drivers/STM32F1xx_HAL_Driver/Inc/Legacy -I../Drivers/CMSIS/Device/ST/STM32F1xx/Include -I../Drivers/CMSIS/Include -O0 -ffunction-sections -fdata-sections -Wall -fstack-usage -MMD -MP -MF"Core/Src/main.d" -MT"Core/Src/main.o" --specs=nano.specs -mfloat-abi=soft -mthumb -o "Core/Src/main.o"
arm-none-eabi-gcc -o "led.elf" @"objects.list"   -mcpu=cortex-m3 -T"/home/sachin/STM32CubeIDE/workspace_1.8.0/led/STM32F103C8TX_FLASH.ld" --specs=nosys.specs -Wl,-Map="led.map" -Wl,--gc-sections -static --specs=nano.specs -mfloat-abi=soft -mthumb -Wl,--start-group -lc -lm -Wl,--end-group
Finished building target: led.elf
 
arm-none-eabi-size   led.elf 
arm-none-eabi-objdump -h -S  led.elf  > "led.list"
arm-none-eabi-objcopy  -O binary  led.elf  "led.bin"
   text	   data	    bss	    dec	    hex	filename
   4688	     20	   1572	   6280	   1888	led.elf
Finished building: default.size.stdout
 
Finished building: led.bin
 
Finished building: led.list
 

19:03:30 Build Finished. 0 errors, 0 warnings. (took 549ms)

